Query was executed successfully

[Query was executed successfully, ignoring data output by this query.]

{i} COUNT
{0} 1000000

{I,J} d,d
{1,1} 10.01,10.01
{1,2} 20.01,10.02
{1,3} 30.01,10.03
{1,4} 40.01,10.04
{1,5} 50.01,10.05
{2,1} 10.02,20.01
{2,2} 20.02,20.02
{2,3} 30.02,20.03
{2,4} 40.02,20.04
{2,5} 50.02,20.05
{3,1} 10.03,30.01
{3,2} 20.03,30.02
{3,3} 30.03,30.03
{3,4} 40.03,30.04
{3,5} 50.03,30.05
{4,1} 10.04,40.01
{4,2} 20.04,40.02
{4,3} 30.04,40.03
{4,4} 40.04,40.04
{4,5} 50.04,40.05
{5,1} 10.05,50.01
{5,2} 20.05,50.02
{5,3} 30.05,50.03
{5,4} 40.05,50.04
{5,5} 50.05,50.05

Query was executed successfully

