SCIDB QUERY : <create  array NID  <a:string NULL ,b:string NULL> [x=0:*,2,0,y=0:*,2,0]>
Query was executed successfully

SCIDB QUERY : <iquery -c ${IQUERY_HOST:=127.0.0.1} -p ${IQUERY_PORT:=1239} -aq "load ( NID, '${TEST_DATA_DIR}/join_nid.txt')">
{x,y} a,b
{0,1} null,'b_0-1'
{4,0} 'a_4-0',null

SCIDB QUERY : <store(redimension(uniq(sort(project(NID, a))),<a:string>[i=0:*,1000,0]), a_indices)>
[Query was executed successfully, ignoring data output by this query.]

SCIDB QUERY : <store(redimension(uniq(sort(project(NID, b))),<b:string>[i=0:*,1000,0]), b_indices)>
[Query was executed successfully, ignoring data output by this query.]

SCIDB QUERY : <create  array A <a:string NULL> [b_dim=0:*,6,0]>
Query was executed successfully

SCIDB QUERY : <create  array A1 <a:string NULL> [b_dim=0:5,6,0]>
Query was executed successfully

SCIDB QUERY : <create  array B <b:string NULL> [a_dim=0:5,6,0]>
Query was executed successfully

SCIDB QUERY : <cross_join(NID as A1,NID as A2,A1.x,A2.x,A1.y,A2.y)>
{x,y} a,b,a,b
{0,1} null,'b_0-1',null,'b_0-1'
{4,0} 'a_4-0',null,'a_4-0',null

SCIDB QUERY : <store(subarray(NID,0,0,1,1),AAA)>
{x,y} a,b
{0,1} null,'b_0-1'

SCIDB QUERY : <store(redimension(project(index_lookup(NID,b_indices,NID.b,b_dim),b_dim,a),A),A)>
{b_dim} a
{0} null

SCIDB QUERY : <store(redimension(project(index_lookup(NID,a_indices,NID.a,a_dim),a_dim,b),B),B)>
{a_dim} b
{0} null

SCIDB QUERY : <store(redimension(project(index_lookup(NID,b_indices,NID.b,b_dim),b_dim,a),A1),A1)>
{b_dim} a
{0} null

SCIDB QUERY : <cross_join(A,A1,A.b_dim,A1.b_dim)>
{b_dim} a,a
{0} null,null

SCIDB QUERY : <cross_Join(NID,A)>
{x,y,b_dim} a,b,a
{0,1,0} null,'b_0-1',null
{4,0,0} 'a_4-0',null,null

SCIDB QUERY : <cross_Join(NID,B)>
{x,y,a_dim} a,b,b
{0,1,0} null,'b_0-1',null
{4,0,0} 'a_4-0',null,null

SCIDB QUERY : <merge(A,B)>
{b_dim} a
{0} null

SCIDB QUERY : <merge(cast(A,<a:string NULL> [b=0:*,6,0]), cast(B,<a:string NULL> [b=0:5,6,0]))>
{b} a
{0} null

SCIDB QUERY : <remove(NID)>
Query was executed successfully

SCIDB QUERY : <remove(A)>
Query was executed successfully

SCIDB QUERY : <remove(A1)>
Query was executed successfully

SCIDB QUERY : <remove(B)>
Query was executed successfully

SCIDB QUERY : <remove(AAA)>
Query was executed successfully

SCIDB QUERY : <remove(a_indices)>
Query was executed successfully

SCIDB QUERY : <remove(b_indices)>
Query was executed successfully

