SCIDB QUERY : <create array array1 <attr0: uint64,attr1: uint64,attr2: uint64,attr3: uint64,attr4: uint64,attr5: uint64,attr6: uint64,attr7: uint64,attr8: uint64,attr9: uint64> [dim0=0:999,10,0]>
Query was executed successfully

SCIDB QUERY : <create array temp0 <attr0: uint64> [dim0=0:999,10,0]>
[Query was executed successfully, ignoring data output by this query.]

SCIDB QUERY : <store(build(temp0, dim0), temp0)>
[Query was executed successfully, ignoring data output by this query.]

SCIDB QUERY : <create array temp1 <attr0: uint64,attr1: uint64> [dim0=0:999,10,0]>
[Query was executed successfully, ignoring data output by this query.]

SCIDB QUERY : <store(apply(temp0, attr1, attr0), temp1)>
[Query was executed successfully, ignoring data output by this query.]

SCIDB QUERY : <remove(temp0)>
[Query was executed successfully, ignoring data output by this query.]

SCIDB QUERY : <create array temp2 <attr0: uint64,attr1: uint64,attr2: uint64> [dim0=0:999,10,0]>
[Query was executed successfully, ignoring data output by this query.]

SCIDB QUERY : <store(apply(temp1, attr2, attr0), temp2)>
[Query was executed successfully, ignoring data output by this query.]

SCIDB QUERY : <remove(temp1)>
[Query was executed successfully, ignoring data output by this query.]

SCIDB QUERY : <create array temp3 <attr0: uint64,attr1: uint64,attr2: uint64,attr3: uint64> [dim0=0:999,10,0]>
[Query was executed successfully, ignoring data output by this query.]

SCIDB QUERY : <store(apply(temp2, attr3, attr0), temp3)>
[Query was executed successfully, ignoring data output by this query.]

SCIDB QUERY : <remove(temp2)>
[Query was executed successfully, ignoring data output by this query.]

SCIDB QUERY : <create array temp4 <attr0: uint64,attr1: uint64,attr2: uint64,attr3: uint64,attr4: uint64> [dim0=0:999,10,0]>
[Query was executed successfully, ignoring data output by this query.]

SCIDB QUERY : <store(apply(temp3, attr4, attr0), temp4)>
[Query was executed successfully, ignoring data output by this query.]

SCIDB QUERY : <remove(temp3)>
[Query was executed successfully, ignoring data output by this query.]

SCIDB QUERY : <create array temp5 <attr0: uint64,attr1: uint64,attr2: uint64,attr3: uint64,attr4: uint64,attr5: uint64> [dim0=0:999,10,0]>
[Query was executed successfully, ignoring data output by this query.]

SCIDB QUERY : <store(apply(temp4, attr5, attr0), temp5)>
[Query was executed successfully, ignoring data output by this query.]

SCIDB QUERY : <remove(temp4)>
[Query was executed successfully, ignoring data output by this query.]

SCIDB QUERY : <create array temp6 <attr0: uint64,attr1: uint64,attr2: uint64,attr3: uint64,attr4: uint64,attr5: uint64,attr6: uint64> [dim0=0:999,10,0]>
[Query was executed successfully, ignoring data output by this query.]

SCIDB QUERY : <store(apply(temp5, attr6, attr0), temp6)>
[Query was executed successfully, ignoring data output by this query.]

SCIDB QUERY : <remove(temp5)>
[Query was executed successfully, ignoring data output by this query.]

SCIDB QUERY : <create array temp7 <attr0: uint64,attr1: uint64,attr2: uint64,attr3: uint64,attr4: uint64,attr5: uint64,attr6: uint64,attr7: uint64> [dim0=0:999,10,0]>
[Query was executed successfully, ignoring data output by this query.]

SCIDB QUERY : <store(apply(temp6, attr7, attr0), temp7)>
[Query was executed successfully, ignoring data output by this query.]

SCIDB QUERY : <remove(temp6)>
[Query was executed successfully, ignoring data output by this query.]

SCIDB QUERY : <create array temp8 <attr0: uint64,attr1: uint64,attr2: uint64,attr3: uint64,attr4: uint64,attr5: uint64,attr6: uint64,attr7: uint64,attr8: uint64> [dim0=0:999,10,0]>
[Query was executed successfully, ignoring data output by this query.]

SCIDB QUERY : <store(apply(temp7, attr8, attr0), temp8)>
[Query was executed successfully, ignoring data output by this query.]

SCIDB QUERY : <remove(temp7)>
[Query was executed successfully, ignoring data output by this query.]

SCIDB QUERY : <create array temp9 <attr0: uint64,attr1: uint64,attr2: uint64,attr3: uint64,attr4: uint64,attr5: uint64,attr6: uint64,attr7: uint64,attr8: uint64,attr9: uint64> [dim0=0:999,10,0]>
[Query was executed successfully, ignoring data output by this query.]

SCIDB QUERY : <store(apply(temp8, attr9, attr0), temp9)>
[Query was executed successfully, ignoring data output by this query.]

SCIDB QUERY : <remove(temp8)>
[Query was executed successfully, ignoring data output by this query.]

SCIDB QUERY : <save(temp9, '/tmp/array1.hdf5:attr0:attr1:attr2:attr3:attr4:attr5:attr6:attr7:attr8:attr9',-2,'hdf5')>
[Query was executed successfully, ignoring data output by this query.]

SCIDB QUERY : <remove(temp9)>
[Query was executed successfully, ignoring data output by this query.]

SCIDB QUERY : <scan_hdf5(array1)>
[Query was executed successfully, ignoring data output by this query.]

SCIDB QUERY : <aggregate(scan_hdf5(array1), count(attr0))>
{i} attr0_count
{0} 1000

SCIDB QUERY : <aggregate(scan_hdf5(array1), count(attr1))>
{i} attr1_count
{0} 1000

SCIDB QUERY : <aggregate(scan_hdf5(array1), count(attr2))>
{i} attr2_count
{0} 1000

SCIDB QUERY : <aggregate(scan_hdf5(array1), count(attr3))>
{i} attr3_count
{0} 1000

SCIDB QUERY : <aggregate(scan_hdf5(array1), count(attr4))>
{i} attr4_count
{0} 1000

SCIDB QUERY : <aggregate(scan_hdf5(array1), count(attr5))>
{i} attr5_count
{0} 1000

SCIDB QUERY : <aggregate(scan_hdf5(array1), count(attr6))>
{i} attr6_count
{0} 1000

SCIDB QUERY : <aggregate(scan_hdf5(array1), count(attr7))>
{i} attr7_count
{0} 1000

SCIDB QUERY : <aggregate(scan_hdf5(array1), count(attr8))>
{i} attr8_count
{0} 1000

SCIDB QUERY : <aggregate(scan_hdf5(array1), count(attr9))>
{i} attr9_count
{0} 1000

SCIDB QUERY : <aggregate(scan_hdf5(array1), avg(attr0))>
{i} attr0_avg
{0} 499.5

SCIDB QUERY : <aggregate(scan_hdf5(array1), avg(attr1))>
{i} attr1_avg
{0} 499.5

SCIDB QUERY : <aggregate(scan_hdf5(array1), avg(attr2))>
{i} attr2_avg
{0} 499.5

SCIDB QUERY : <aggregate(scan_hdf5(array1), avg(attr3))>
{i} attr3_avg
{0} 499.5

SCIDB QUERY : <aggregate(scan_hdf5(array1), avg(attr4))>
{i} attr4_avg
{0} 499.5

SCIDB QUERY : <aggregate(scan_hdf5(array1), avg(attr5))>
{i} attr5_avg
{0} 499.5

SCIDB QUERY : <aggregate(scan_hdf5(array1), avg(attr6))>
{i} attr6_avg
{0} 499.5

SCIDB QUERY : <aggregate(scan_hdf5(array1), avg(attr7))>
{i} attr7_avg
{0} 499.5

SCIDB QUERY : <aggregate(scan_hdf5(array1), avg(attr8))>
{i} attr8_avg
{0} 499.5

SCIDB QUERY : <aggregate(scan_hdf5(array1), avg(attr9))>
{i} attr9_avg
{0} 499.5

SCIDB QUERY : <remove(array1)>
Query was executed successfully

