SCIDB QUERY : <create array catalogue <code:int64, type:string, price:double, review:string> [id=0:10,3,0]>
Query was executed successfully

SCIDB QUERY : <create array catalogue1 <code:int64 null, type:string null, price:double null, review:string null> [id=0:10,3,0]>
Query was executed successfully

SCIDB QUERY : <create array catalogue2 <code:int64, type:string null, price:double null, review:string> [id=0:10,3,0]>
Query was executed successfully

SCIDB QUERY : <create array catalogue3 <code:int64 null, type:string, price:double, review:string null> [id=0:10,3,0]>
Query was executed successfully

SCIDB QUERY : <iquery -c $IQUERY_HOST $IQUERY_PORT -aq "load(catalogue,'${TEST_DATA_DIR}/iquery_4.txt')">
{id} code,type,price,review
{1} 21,'ice cream',50.5,'mango'
{3} null,'coffee',null,'CCD'
{5} 61,null,10,'nice'
{6} null,'true',null,null
{8} 91,null,90.1,null
{9} null,null,100,'Lays'

SCIDB QUERY : <iquery -c $IQUERY_HOST $IQUERY_PORT -aq "load(catalogue1,'${TEST_DATA_DIR}/iquery_4.txt')">
{id} code,type,price,review
{1} 21,'ice cream',50.5,'mango'
{3} null,'coffee',null,'CCD'
{5} 61,null,10,'nice'
{6} null,'true',null,null
{8} 91,null,90.1,null
{9} null,null,100,'Lays'

SCIDB QUERY : <iquery -c $IQUERY_HOST $IQUERY_PORT -aq "load(catalogue2,'${TEST_DATA_DIR}/iquery_4.txt')">
{id} code,type,price,review
{1} 21,'ice cream',50.5,'mango'
{3} null,'coffee',null,'CCD'
{5} 61,null,10,'nice'
{6} null,'true',null,null
{8} 91,null,90.1,null
{9} null,null,100,'Lays'

SCIDB QUERY : <iquery -c $IQUERY_HOST $IQUERY_PORT -aq "load(catalogue3,'${TEST_DATA_DIR}/iquery_4.txt')">
{id} code,type,price,review
{1} 21,'ice cream',50.5,'mango'
{3} null,'coffee',null,'CCD'
{5} 61,null,10,'nice'
{6} null,'true',null,null
{8} 91,null,90.1,null
{9} null,null,100,'Lays'

SCIDB QUERY : <iquery  -o csv+:l -aq 'scan ( catalogue )'>
id,code,type,price,review
1,21,'ice cream',50.5,'mango'
3,null,'coffee',null,'CCD'
5,61,null,10,'nice'
6,null,'true',null,null
8,91,null,90.1,null
9,null,null,100,'Lays'

SCIDB QUERY : <iquery  -o lsparse -aq 'scan ( catalogue )'>
{1}[{1}(21,'ice cream',50.5,'mango')];{3}[{3}(null,'coffee',null,'CCD')];[{5}(61,null,10,'nice')];{6}[{6}(null,'true',null,null)];[{8}(91,null,90.1,null)];{9}[{9}(null,null,100,'Lays')]

SCIDB QUERY : <iquery  -o csv+:l -aq 'scan ( catalogue1 )'>
id,code,type,price,review
1,21,'ice cream',50.5,'mango'
3,null,'coffee',null,'CCD'
5,61,null,10,'nice'
6,null,'true',null,null
8,91,null,90.1,null
9,null,null,100,'Lays'

SCIDB QUERY : <iquery  -o lsparse -aq 'scan ( catalogue1 )'>
{1}[{1}(21,'ice cream',50.5,'mango')];{3}[{3}(null,'coffee',null,'CCD')];[{5}(61,null,10,'nice')];{6}[{6}(null,'true',null,null)];[{8}(91,null,90.1,null)];{9}[{9}(null,null,100,'Lays')]

SCIDB QUERY : <iquery  -o csv+:l -aq 'scan ( catalogue2 )'>
id,code,type,price,review
1,21,'ice cream',50.5,'mango'
3,null,'coffee',null,'CCD'
5,61,null,10,'nice'
6,null,'true',null,null
8,91,null,90.1,null
9,null,null,100,'Lays'

SCIDB QUERY : <iquery  -o lsparse -aq 'scan ( catalogue2 )'>
{1}[{1}(21,'ice cream',50.5,'mango')];{3}[{3}(null,'coffee',null,'CCD')];[{5}(61,null,10,'nice')];{6}[{6}(null,'true',null,null)];[{8}(91,null,90.1,null)];{9}[{9}(null,null,100,'Lays')]

SCIDB QUERY : <iquery  -o csv+:l -aq 'scan ( catalogue3 )'>
id,code,type,price,review
1,21,'ice cream',50.5,'mango'
3,null,'coffee',null,'CCD'
5,61,null,10,'nice'
6,null,'true',null,null
8,91,null,90.1,null
9,null,null,100,'Lays'

SCIDB QUERY : <iquery  -o lsparse -aq 'scan ( catalogue3 )'>
{1}[{1}(21,'ice cream',50.5,'mango')];{3}[{3}(null,'coffee',null,'CCD')];[{5}(61,null,10,'nice')];{6}[{6}(null,'true',null,null)];[{8}(91,null,90.1,null)];{9}[{9}(null,null,100,'Lays')]

SCIDB QUERY : <remove(catalogue)>
Query was executed successfully

SCIDB QUERY : <remove(catalogue1)>
Query was executed successfully

SCIDB QUERY : <remove(catalogue2)>
Query was executed successfully

SCIDB QUERY : <remove(catalogue3)>
Query was executed successfully

