{b_2} a,a_2,b
{0} 1,1,1

{n_3} n,n_2
{0} 0,1

Query was executed successfully

Query was executed successfully

