Query was executed successfully

Query was executed successfully

[Query was executed successfully, ignoring data output by this query.]

[Query was executed successfully, ignoring data output by this query.]

Physical Plan of collapsing redimension
SCIDB QUERY : <iquery -c $IQUERY_HOST -p $IQUERY_PORT -aq "_explain_physical('join(repart(left_array,<val:double>[i=0:9,*,2, j=0:15,5,3]),right_array)','afl')" | sed -f ${TESTDIR}/fix_physplan.sed>
{No} physical_plan
{0} '[pPlan]:
>[pNode] physicalJoin ddl 0 tile 0 children 2
  schema public.left_arrayright_array<val:double,val:double> [ileft_array=0:9 (x:y),3,2,jleft_array=0:15 (x:y),5,3]
>>[pNode] impl_sg ddl 0 tile 0 children 1
   schema public.left_array<val:double> [i=0:9 (x:y),3,2,j=0:15 (x:y),5,3]
>>>[pNode] physicalRepart ddl 0 tile 0 children 1
    schema public.left_array<val:double> [i=0:9 (x:y),3,2,j=0:15 (x:y),5,3]
>>>>[pNode] physicalScan ddl 0 tile 1 children 0
     schema public.left_array<val:double> [ipublic.left_array=0:9 (x:y),2,0,jpublic.left_array=0:9 (x:y),4,1]
>>[pNode] physicalScan ddl 0 tile 1 children 0
   schema public.right_array<val:double> [xpublic.right_array=0:9 (x:y),3,2,ypublic.right_array=0:15 (x:y),5,3]

SCIDB QUERY : <iquery -c $IQUERY_HOST -p $IQUERY_PORT -aq "_explain_physical('join(repart(left_array,<val:double>[i=0:9,3,2, j=0:15,*,3]),right_array)','afl')" | sed -f ${TESTDIR}/fix_physplan.sed>
{No} physical_plan
{0} '[pPlan]:
>[pNode] physicalJoin ddl 0 tile 0 children 2
  schema public.left_arrayright_array<val:double,val:double> [ileft_array=0:9 (x:y),3,2,jleft_array=0:15 (x:y),5,3]
>>[pNode] impl_sg ddl 0 tile 0 children 1
   schema public.left_array<val:double> [i=0:9 (x:y),3,2,j=0:15 (x:y),5,3]
>>>[pNode] physicalRepart ddl 0 tile 0 children 1
    schema public.left_array<val:double> [i=0:9 (x:y),3,2,j=0:15 (x:y),5,3]
>>>>[pNode] physicalScan ddl 0 tile 1 children 0
     schema public.left_array<val:double> [ipublic.left_array=0:9 (x:y),2,0,jpublic.left_array=0:9 (x:y),4,1]
>>[pNode] physicalScan ddl 0 tile 1 children 0
   schema public.right_array<val:double> [xpublic.right_array=0:9 (x:y),3,2,ypublic.right_array=0:15 (x:y),5,3]

SCIDB QUERY : <iquery -c $IQUERY_HOST -p $IQUERY_PORT -aq "_explain_physical('join(repart(left_array,<val:double>[i=0:9,*,2, j=0:15,*,3]),right_array)','afl')" | sed -f ${TESTDIR}/fix_physplan.sed>
{No} physical_plan
{0} '[pPlan]:
>[pNode] physicalJoin ddl 0 tile 0 children 2
  schema public.left_arrayright_array<val:double,val:double> [ileft_array=0:9 (x:y),3,2,jleft_array=0:15 (x:y),5,3]
>>[pNode] impl_sg ddl 0 tile 0 children 1
   schema public.left_array<val:double> [i=0:9 (x:y),3,2,j=0:15 (x:y),5,3]
>>>[pNode] physicalRepart ddl 0 tile 0 children 1
    schema public.left_array<val:double> [i=0:9 (x:y),3,2,j=0:15 (x:y),5,3]
>>>>[pNode] physicalScan ddl 0 tile 1 children 0
     schema public.left_array<val:double> [ipublic.left_array=0:9 (x:y),2,0,jpublic.left_array=0:9 (x:y),4,1]
>>[pNode] physicalScan ddl 0 tile 1 children 0
   schema public.right_array<val:double> [xpublic.right_array=0:9 (x:y),3,2,ypublic.right_array=0:15 (x:y),5,3]

SCIDB QUERY : <store(join(left_array,right_array), L_R)>
[Query was executed successfully, ignoring data output by this query.]

SCIDB QUERY : <store(join(right_array,left_array), R_L)>
[Query was executed successfully, ignoring data output by this query.]

SCIDB QUERY : <store(join(repart(left_array,<val:double>[i=0:9,*,2, j=0:15,*,3]),right_array),rL_R)>
[Query was executed successfully, ignoring data output by this query.]

SCIDB QUERY : <show(R_L)>
{i} schema
{0} 'R_L<val:double,val_2:double> [x=0:9,3,0,y=0:9,5,1]'

SCIDB QUERY : <show(L_R)>
{i} schema
{0} 'L_R<val:double,val_2:double> [i=0:9,2,0,j=0:9,4,1]'

SCIDB QUERY : <show(right_array)>
{i} schema
{0} 'right_array<val:double> [x=0:9,3,2,y=0:15,5,3]'

SCIDB QUERY : <show(rL_R)>
{i} schema
{0} 'rL_R<val:double,val_2:double> [i=0:9,3,2,j=0:15,5,3]'

SCIDB QUERY : <join(redimension(left_array,<val:double>[i=1:9,*,2, j=0:15,5,3]),right_array)>
[An error expected at this place for the query "join(redimension(left_array,<val:double>[i=1:9,*,2, j=0:15,5,3]),right_array)". And it failed with error code = scidb::SCIDB_SE_INFER_SCHEMA::SCIDB_LE_START_INDEX_MISMATCH. Expected error code = scidb::SCIDB_SE_INFER_SCHEMA::SCIDB_LE_START_INDEX_MISMATCH.]

SCIDB QUERY : <join(redimension(left_array,<val:double>[i=1:9,3,2, j=0:15,*,3]),right_array)>
[An error expected at this place for the query "join(redimension(left_array,<val:double>[i=1:9,3,2, j=0:15,*,3]),right_array)". And it failed with error code = scidb::SCIDB_SE_INFER_SCHEMA::SCIDB_LE_START_INDEX_MISMATCH. Expected error code = scidb::SCIDB_SE_INFER_SCHEMA::SCIDB_LE_START_INDEX_MISMATCH.]

SCIDB QUERY : <join(redimension(left_array,<val:double>[i=1:9,*,2, j=0:15,*,3]),right_array)>
[An error expected at this place for the query "join(redimension(left_array,<val:double>[i=1:9,*,2, j=0:15,*,3]),right_array)". And it failed with error code = scidb::SCIDB_SE_INFER_SCHEMA::SCIDB_LE_START_INDEX_MISMATCH. Expected error code = scidb::SCIDB_SE_INFER_SCHEMA::SCIDB_LE_START_INDEX_MISMATCH.]

SCIDB QUERY : <join(redimension(left_array,<val:double>[i=0:9,*,2, j=1:15,5,3]),right_array)>
[An error expected at this place for the query "join(redimension(left_array,<val:double>[i=0:9,*,2, j=1:15,5,3]),right_array)". And it failed with error code = scidb::SCIDB_SE_INFER_SCHEMA::SCIDB_LE_START_INDEX_MISMATCH. Expected error code = scidb::SCIDB_SE_INFER_SCHEMA::SCIDB_LE_START_INDEX_MISMATCH.]

SCIDB QUERY : <join(redimension(left_array,<val:double>[i=0:9,3,2, j=1:15,*,3]),right_array)>
[An error expected at this place for the query "join(redimension(left_array,<val:double>[i=0:9,3,2, j=1:15,*,3]),right_array)". And it failed with error code = scidb::SCIDB_SE_INFER_SCHEMA::SCIDB_LE_START_INDEX_MISMATCH. Expected error code = scidb::SCIDB_SE_INFER_SCHEMA::SCIDB_LE_START_INDEX_MISMATCH.]

SCIDB QUERY : <join(redimension(left_array,<val:double>[i=0:9,*,2, j=1:15,*,3]),right_array)>
[An error expected at this place for the query "join(redimension(left_array,<val:double>[i=0:9,*,2, j=1:15,*,3]),right_array)". And it failed with error code = scidb::SCIDB_SE_INFER_SCHEMA::SCIDB_LE_START_INDEX_MISMATCH. Expected error code = scidb::SCIDB_SE_INFER_SCHEMA::SCIDB_LE_START_INDEX_MISMATCH.]

SCIDB QUERY : <join(redimension(left_array,<val:double>[i=1:9,*,2, j=1:15,5,3]),right_array)>
[An error expected at this place for the query "join(redimension(left_array,<val:double>[i=1:9,*,2, j=1:15,5,3]),right_array)". And it failed with error code = scidb::SCIDB_SE_INFER_SCHEMA::SCIDB_LE_START_INDEX_MISMATCH. Expected error code = scidb::SCIDB_SE_INFER_SCHEMA::SCIDB_LE_START_INDEX_MISMATCH.]

SCIDB QUERY : <join(redimension(left_array,<val:double>[i=1:9,3,2, j=1:15,*,3]),right_array)>
[An error expected at this place for the query "join(redimension(left_array,<val:double>[i=1:9,3,2, j=1:15,*,3]),right_array)". And it failed with error code = scidb::SCIDB_SE_INFER_SCHEMA::SCIDB_LE_START_INDEX_MISMATCH. Expected error code = scidb::SCIDB_SE_INFER_SCHEMA::SCIDB_LE_START_INDEX_MISMATCH.]

SCIDB QUERY : <join(redimension(left_array,<val:double>[i=1:9,*,2, j=1:15,*,3]),right_array)>
[An error expected at this place for the query "join(redimension(left_array,<val:double>[i=1:9,*,2, j=1:15,*,3]),right_array)". And it failed with error code = scidb::SCIDB_SE_INFER_SCHEMA::SCIDB_LE_START_INDEX_MISMATCH. Expected error code = scidb::SCIDB_SE_INFER_SCHEMA::SCIDB_LE_START_INDEX_MISMATCH.]

SCIDB QUERY : <iquery -c $IQUERY_HOST -p $IQUERY_PORT -aq "_explain_physical('join(redimension(left_array,<val:double>[i=0:19,*,2, j=0:15,5,3]),right_array)','afl')" | sed -f ${TESTDIR}/fix_physplan.sed>
{No} physical_plan
{0} '[pPlan]:
>[pNode] physicalJoin ddl 0 tile 0 children 2
  schema public.left_arrayright_array<val:double,val:double> [ileft_array=0:9 (x:y),3,2,jleft_array=0:15 (x:y),5,3]
>>[pNode] impl_sg ddl 0 tile 0 children 1
   schema public.left_array<val:double> [i=0:19 (x:y),3,2,j=0:15 (x:y),5,3]
>>>[pNode] PhysicalRedimension ddl 0 tile 0 children 1
    schema public.left_array<val:double> [i=0:19 (x:y),3,2,j=0:15 (x:y),5,3]
>>>>[pNode] physicalScan ddl 0 tile 1 children 0
     schema public.left_array<val:double> [ipublic.left_array=0:9 (x:y),2,0,jpublic.left_array=0:9 (x:y),4,1]
>>[pNode] physicalScan ddl 0 tile 1 children 0
   schema public.right_array<val:double> [xpublic.right_array=0:9 (x:y),3,2,ypublic.right_array=0:15 (x:y),5,3]

SCIDB QUERY : <iquery -c $IQUERY_HOST -p $IQUERY_PORT -aq "_explain_physical('join(redimension(left_array,<val:double>[i=0:19,3,2, j=0:15,*,3]),right_array)','afl')" | sed -f ${TESTDIR}/fix_physplan.sed>
{No} physical_plan
{0} '[pPlan]:
>[pNode] physicalJoin ddl 0 tile 0 children 2
  schema public.left_arrayright_array<val:double,val:double> [ileft_array=0:9 (x:y),3,2,jleft_array=0:15 (x:y),5,3]
>>[pNode] impl_sg ddl 0 tile 0 children 1
   schema public.left_array<val:double> [i=0:19 (x:y),3,2,j=0:15 (x:y),5,3]
>>>[pNode] PhysicalRedimension ddl 0 tile 0 children 1
    schema public.left_array<val:double> [i=0:19 (x:y),3,2,j=0:15 (x:y),5,3]
>>>>[pNode] physicalScan ddl 0 tile 1 children 0
     schema public.left_array<val:double> [ipublic.left_array=0:9 (x:y),2,0,jpublic.left_array=0:9 (x:y),4,1]
>>[pNode] physicalScan ddl 0 tile 1 children 0
   schema public.right_array<val:double> [xpublic.right_array=0:9 (x:y),3,2,ypublic.right_array=0:15 (x:y),5,3]

SCIDB QUERY : <iquery -c $IQUERY_HOST -p $IQUERY_PORT -aq "_explain_physical('join(redimension(left_array,<val:double>[i=0:19,*,2, j=0:15,*,3]),right_array)','afl')" | sed -f ${TESTDIR}/fix_physplan.sed>
{No} physical_plan
{0} '[pPlan]:
>[pNode] physicalJoin ddl 0 tile 0 children 2
  schema public.left_arrayright_array<val:double,val:double> [ileft_array=0:9 (x:y),3,2,jleft_array=0:15 (x:y),5,3]
>>[pNode] impl_sg ddl 0 tile 0 children 1
   schema public.left_array<val:double> [i=0:19 (x:y),3,2,j=0:15 (x:y),5,3]
>>>[pNode] PhysicalRedimension ddl 0 tile 0 children 1
    schema public.left_array<val:double> [i=0:19 (x:y),3,2,j=0:15 (x:y),5,3]
>>>>[pNode] physicalScan ddl 0 tile 1 children 0
     schema public.left_array<val:double> [ipublic.left_array=0:9 (x:y),2,0,jpublic.left_array=0:9 (x:y),4,1]
>>[pNode] physicalScan ddl 0 tile 1 children 0
   schema public.right_array<val:double> [xpublic.right_array=0:9 (x:y),3,2,ypublic.right_array=0:15 (x:y),5,3]

SCIDB QUERY : <iquery -c $IQUERY_HOST -p $IQUERY_PORT -aq "_explain_physical('join(redimension(left_array,<val:double>[i=0:9,*,2, j=0:24,5,3]),right_array)','afl')" | sed -f ${TESTDIR}/fix_physplan.sed>
{No} physical_plan
{0} '[pPlan]:
>[pNode] physicalJoin ddl 0 tile 0 children 2
  schema public.left_arrayright_array<val:double,val:double> [ileft_array=0:9 (x:y),3,2,jleft_array=0:15 (x:y),5,3]
>>[pNode] impl_sg ddl 0 tile 0 children 1
   schema public.left_array<val:double> [i=0:9 (x:y),3,2,j=0:24 (x:y),5,3]
>>>[pNode] PhysicalRedimension ddl 0 tile 0 children 1
    schema public.left_array<val:double> [i=0:9 (x:y),3,2,j=0:24 (x:y),5,3]
>>>>[pNode] physicalScan ddl 0 tile 1 children 0
     schema public.left_array<val:double> [ipublic.left_array=0:9 (x:y),2,0,jpublic.left_array=0:9 (x:y),4,1]
>>[pNode] physicalScan ddl 0 tile 1 children 0
   schema public.right_array<val:double> [xpublic.right_array=0:9 (x:y),3,2,ypublic.right_array=0:15 (x:y),5,3]

SCIDB QUERY : <iquery -c $IQUERY_HOST -p $IQUERY_PORT -aq "_explain_physical('join(redimension(left_array,<val:double>[i=0:9,3,2, j=0:24,5,3]),right_array)','afl')" | sed -f ${TESTDIR}/fix_physplan.sed>
{No} physical_plan
{0} '[pPlan]:
>[pNode] physicalJoin ddl 0 tile 0 children 2
  schema public.left_arrayright_array<val:double,val:double> [ileft_array, xpublic.right_array=0:9 (x:y),3,2,jleft_array, ypublic.right_array=0:15 (x:y),5,3]
>>[pNode] impl_sg ddl 0 tile 0 children 1
   schema public.left_array<val:double> [i=0:9 (x:y),3,2,j=0:24 (x:y),5,3]
>>>[pNode] PhysicalRedimension ddl 0 tile 0 children 1
    schema public.left_array<val:double> [i=0:9 (x:y),3,2,j=0:24 (x:y),5,3]
>>>>[pNode] physicalScan ddl 0 tile 1 children 0
     schema public.left_array<val:double> [ipublic.left_array=0:9 (x:y),2,0,jpublic.left_array=0:9 (x:y),4,1]
>>[pNode] physicalScan ddl 0 tile 1 children 0
   schema public.right_array<val:double> [xpublic.right_array=0:9 (x:y),3,2,ypublic.right_array=0:15 (x:y),5,3]

SCIDB QUERY : <iquery -c $IQUERY_HOST -p $IQUERY_PORT -aq "_explain_physical('join(redimension(left_array,<val:double>[i=0:9,*,2, j=0:24,*,3]),right_array)','afl')" | sed -f ${TESTDIR}/fix_physplan.sed>
{No} physical_plan
{0} '[pPlan]:
>[pNode] physicalJoin ddl 0 tile 0 children 2
  schema public.left_arrayright_array<val:double,val:double> [ileft_array=0:9 (x:y),3,2,jleft_array=0:15 (x:y),5,3]
>>[pNode] impl_sg ddl 0 tile 0 children 1
   schema public.left_array<val:double> [i=0:9 (x:y),3,2,j=0:24 (x:y),5,3]
>>>[pNode] PhysicalRedimension ddl 0 tile 0 children 1
    schema public.left_array<val:double> [i=0:9 (x:y),3,2,j=0:24 (x:y),5,3]
>>>>[pNode] physicalScan ddl 0 tile 1 children 0
     schema public.left_array<val:double> [ipublic.left_array=0:9 (x:y),2,0,jpublic.left_array=0:9 (x:y),4,1]
>>[pNode] physicalScan ddl 0 tile 1 children 0
   schema public.right_array<val:double> [xpublic.right_array=0:9 (x:y),3,2,ypublic.right_array=0:15 (x:y),5,3]

SCIDB QUERY : <iquery -c $IQUERY_HOST -p $IQUERY_PORT -aq "_explain_physical('join(redimension(left_array,<val:double>[i=0:19,*,2, j=0:*,5,3]),right_array)','afl')" | sed -f ${TESTDIR}/fix_physplan.sed>
{No} physical_plan
{0} '[pPlan]:
>[pNode] physicalJoin ddl 0 tile 0 children 2
  schema public.left_arrayright_array<val:double,val:double> [ileft_array=0:9 (x:y),3,2,jleft_array=0:15 (x:y),5,3]
>>[pNode] impl_sg ddl 0 tile 0 children 1
   schema public.left_array<val:double> [i=0:19 (x:y),3,2,j=0:* (x:y),5,3]
>>>[pNode] PhysicalRedimension ddl 0 tile 0 children 1
    schema public.left_array<val:double> [i=0:19 (x:y),3,2,j=0:* (x:y),5,3]
>>>>[pNode] physicalScan ddl 0 tile 1 children 0
     schema public.left_array<val:double> [ipublic.left_array=0:9 (x:y),2,0,jpublic.left_array=0:9 (x:y),4,1]
>>[pNode] physicalScan ddl 0 tile 1 children 0
   schema public.right_array<val:double> [xpublic.right_array=0:9 (x:y),3,2,ypublic.right_array=0:15 (x:y),5,3]

SCIDB QUERY : <iquery -c $IQUERY_HOST -p $IQUERY_PORT -aq "_explain_physical('join(redimension(left_array,<val:double>[i=0:19,3,2, j=0:*,*,3]),right_array)','afl')" | sed -f ${TESTDIR}/fix_physplan.sed>
{No} physical_plan
{0} '[pPlan]:
>[pNode] physicalJoin ddl 0 tile 0 children 2
  schema public.left_arrayright_array<val:double,val:double> [ileft_array=0:9 (x:y),3,2,jleft_array=0:15 (x:y),5,3]
>>[pNode] impl_sg ddl 0 tile 0 children 1
   schema public.left_array<val:double> [i=0:19 (x:y),3,2,j=0:* (x:y),5,3]
>>>[pNode] PhysicalRedimension ddl 0 tile 0 children 1
    schema public.left_array<val:double> [i=0:19 (x:y),3,2,j=0:* (x:y),5,3]
>>>>[pNode] physicalScan ddl 0 tile 1 children 0
     schema public.left_array<val:double> [ipublic.left_array=0:9 (x:y),2,0,jpublic.left_array=0:9 (x:y),4,1]
>>[pNode] physicalScan ddl 0 tile 1 children 0
   schema public.right_array<val:double> [xpublic.right_array=0:9 (x:y),3,2,ypublic.right_array=0:15 (x:y),5,3]

SCIDB QUERY : <iquery -c $IQUERY_HOST -p $IQUERY_PORT -aq "_explain_physical('join(redimension(left_array,<val:double>[i=0:19,*,2, j=0:*,*,3]),right_array)','afl')" | sed -f ${TESTDIR}/fix_physplan.sed>
{No} physical_plan
{0} '[pPlan]:
>[pNode] physicalJoin ddl 0 tile 0 children 2
  schema public.left_arrayright_array<val:double,val:double> [ileft_array=0:9 (x:y),3,2,jleft_array=0:15 (x:y),5,3]
>>[pNode] impl_sg ddl 0 tile 0 children 1
   schema public.left_array<val:double> [i=0:19 (x:y),3,2,j=0:* (x:y),5,3]
>>>[pNode] PhysicalRedimension ddl 0 tile 0 children 1
    schema public.left_array<val:double> [i=0:19 (x:y),3,2,j=0:* (x:y),5,3]
>>>>[pNode] physicalScan ddl 0 tile 1 children 0
     schema public.left_array<val:double> [ipublic.left_array=0:9 (x:y),2,0,jpublic.left_array=0:9 (x:y),4,1]
>>[pNode] physicalScan ddl 0 tile 1 children 0
   schema public.right_array<val:double> [xpublic.right_array=0:9 (x:y),3,2,ypublic.right_array=0:15 (x:y),5,3]

SCIDB QUERY : <join(redimension(left_array,<val:double>[i=0:7,*,2, j=0:15,5,3]),right_array)>
[An error expected at this place for the query "join(redimension(left_array,<val:double>[i=0:7,*,2, j=0:15,5,3]),right_array)". And it failed with error code = scidb::SCIDB_SE_OPERATOR::SCIDB_LE_INVALID_REDIMENSION_POSITION. Expected error code = scidb::SCIDB_SE_OPERATOR::SCIDB_LE_INVALID_REDIMENSION_POSITION.]

SCIDB QUERY : <join(redimension(left_array,<val:double>[i=0:7,3,2, j=0:15,*,3]),right_array)>
[An error expected at this place for the query "join(redimension(left_array,<val:double>[i=0:7,3,2, j=0:15,*,3]),right_array)". And it failed with error code = scidb::SCIDB_SE_OPERATOR::SCIDB_LE_INVALID_REDIMENSION_POSITION. Expected error code = scidb::SCIDB_SE_OPERATOR::SCIDB_LE_INVALID_REDIMENSION_POSITION.]

SCIDB QUERY : <join(redimension(left_array,<val:double>[i=0:7,*,2, j=0:15,*,3]),right_array)>
[An error expected at this place for the query "join(redimension(left_array,<val:double>[i=0:7,*,2, j=0:15,*,3]),right_array)". And it failed with error code = scidb::SCIDB_SE_OPERATOR::SCIDB_LE_INVALID_REDIMENSION_POSITION. Expected error code = scidb::SCIDB_SE_OPERATOR::SCIDB_LE_INVALID_REDIMENSION_POSITION.]

SCIDB QUERY : <join(redimension(left_array,<val:double>[i=0:9,*,2, j=0:7,5,3]),right_array)>
[An error expected at this place for the query "join(redimension(left_array,<val:double>[i=0:9,*,2, j=0:7,5,3]),right_array)". And it failed with error code = scidb::SCIDB_SE_OPERATOR::SCIDB_LE_INVALID_REDIMENSION_POSITION. Expected error code = scidb::SCIDB_SE_OPERATOR::SCIDB_LE_INVALID_REDIMENSION_POSITION.]

SCIDB QUERY : <join(redimension(left_array,<val:double>[i=0:9,3,2, j=0:7,*,3]),right_array)>
[An error expected at this place for the query "join(redimension(left_array,<val:double>[i=0:9,3,2, j=0:7,*,3]),right_array)". And it failed with error code = scidb::SCIDB_SE_OPERATOR::SCIDB_LE_INVALID_REDIMENSION_POSITION. Expected error code = scidb::SCIDB_SE_OPERATOR::SCIDB_LE_INVALID_REDIMENSION_POSITION.]

SCIDB QUERY : <join(redimension(left_array,<val:double>[i=0:9,*,2, j=0:7,*,3]),right_array)>
[An error expected at this place for the query "join(redimension(left_array,<val:double>[i=0:9,*,2, j=0:7,*,3]),right_array)". And it failed with error code = scidb::SCIDB_SE_OPERATOR::SCIDB_LE_INVALID_REDIMENSION_POSITION. Expected error code = scidb::SCIDB_SE_OPERATOR::SCIDB_LE_INVALID_REDIMENSION_POSITION.]

SCIDB QUERY : <join(redimension(left_array,<val:double>[i=0:7,*,2, j=0:8,5,3]),right_array)>
[An error expected at this place for the query "join(redimension(left_array,<val:double>[i=0:7,*,2, j=0:8,5,3]),right_array)". And it failed with error code = scidb::SCIDB_SE_OPERATOR::SCIDB_LE_INVALID_REDIMENSION_POSITION. Expected error code = scidb::SCIDB_SE_OPERATOR::SCIDB_LE_INVALID_REDIMENSION_POSITION.]

SCIDB QUERY : <join(redimension(left_array,<val:double>[i=0:7,3,2, j=0:8,*,3]),right_array)>
[An error expected at this place for the query "join(redimension(left_array,<val:double>[i=0:7,3,2, j=0:8,*,3]),right_array)". And it failed with error code = scidb::SCIDB_SE_OPERATOR::SCIDB_LE_INVALID_REDIMENSION_POSITION. Expected error code = scidb::SCIDB_SE_OPERATOR::SCIDB_LE_INVALID_REDIMENSION_POSITION.]

SCIDB QUERY : <join(redimension(left_array,<val:double>[i=0:7,*,2, j=0:8,*,3]),right_array)>
[An error expected at this place for the query "join(redimension(left_array,<val:double>[i=0:7,*,2, j=0:8,*,3]),right_array)". And it failed with error code = scidb::SCIDB_SE_OPERATOR::SCIDB_LE_INVALID_REDIMENSION_POSITION. Expected error code = scidb::SCIDB_SE_OPERATOR::SCIDB_LE_INVALID_REDIMENSION_POSITION.]

SCIDB QUERY : <join(repart(left_array,<val:double>[i=0:9,*,0, j=0:15,5,3]),right_array)>
[Query was executed successfully, ignoring data output by this query.]

SCIDB QUERY : <join(repart(left_array,<val:double>[i=0:9,3,0, j=0:15,*,3]),right_array)>
[Query was executed successfully, ignoring data output by this query.]

SCIDB QUERY : <join(repart(left_array,<val:double>[i=0:9,*,0, j=0:15,*,3]),right_array)>
[Query was executed successfully, ignoring data output by this query.]

SCIDB QUERY : <join(repart(left_array,<val:double>[i=0:9,*,3, j=0:15,5,3]),right_array)>
[An error expected at this place for the query "join(repart(left_array,<val:double>[i=0:9,*,3, j=0:15,5,3]),right_array)". And it failed with error code = scidb::SCIDB_SE_OPERATOR::SCIDB_LE_BAD_EXPLICIT_REPART. Expected error code = scidb::SCIDB_SE_OPERATOR::SCIDB_LE_BAD_EXPLICIT_REPART.]

SCIDB QUERY : <join(repart(left_array,<val:double>[i=0:9,3,3, j=0:15,*,3]),right_array)>
[An error expected at this place for the query "join(repart(left_array,<val:double>[i=0:9,3,3, j=0:15,*,3]),right_array)". And it failed with error code = scidb::SCIDB_SE_OPERATOR::SCIDB_LE_BAD_EXPLICIT_REPART. Expected error code = scidb::SCIDB_SE_OPERATOR::SCIDB_LE_BAD_EXPLICIT_REPART.]

SCIDB QUERY : <join(repart(left_array,<val:double>[i=0:9,*,3, j=0:15,*,3]),right_array)>
[An error expected at this place for the query "join(repart(left_array,<val:double>[i=0:9,*,3, j=0:15,*,3]),right_array)". And it failed with error code = scidb::SCIDB_SE_OPERATOR::SCIDB_LE_BAD_EXPLICIT_REPART. Expected error code = scidb::SCIDB_SE_OPERATOR::SCIDB_LE_BAD_EXPLICIT_REPART.]

SCIDB QUERY : <join(repart(left_array,<val:double>[i=0:9,*,2, j=0:15,5,1]),right_array)>
[Query was executed successfully, ignoring data output by this query.]

SCIDB QUERY : <join(repart(left_array,<val:double>[i=0:9,3,2, j=0:15,*,1]),right_array)>
[Query was executed successfully, ignoring data output by this query.]

SCIDB QUERY : <join(repart(left_array,<val:double>[i=0:9,*,2, j=0:15,*,1]),right_array)>
[Query was executed successfully, ignoring data output by this query.]

SCIDB QUERY : <join(repart(left_array,<val:double>[i=0:9,*,2, j=0:15,5,4]),right_array)>
[An error expected at this place for the query "join(repart(left_array,<val:double>[i=0:9,*,2, j=0:15,5,4]),right_array)". And it failed with error code = scidb::SCIDB_SE_OPERATOR::SCIDB_LE_BAD_EXPLICIT_REPART. Expected error code = scidb::SCIDB_SE_OPERATOR::SCIDB_LE_BAD_EXPLICIT_REPART.]

SCIDB QUERY : <join(repart(left_array,<val:double>[i=0:9,3,2, j=0:15,*,4]),right_array)>
[An error expected at this place for the query "join(repart(left_array,<val:double>[i=0:9,3,2, j=0:15,*,4]),right_array)". And it failed with error code = scidb::SCIDB_SE_OPERATOR::SCIDB_LE_BAD_EXPLICIT_REPART. Expected error code = scidb::SCIDB_SE_OPERATOR::SCIDB_LE_BAD_EXPLICIT_REPART.]

SCIDB QUERY : <join(repart(left_array,<val:double>[i=0:9,*,2, j=0:15,*,4]),right_array)>
[An error expected at this place for the query "join(repart(left_array,<val:double>[i=0:9,*,2, j=0:15,*,4]),right_array)". And it failed with error code = scidb::SCIDB_SE_OPERATOR::SCIDB_LE_BAD_EXPLICIT_REPART. Expected error code = scidb::SCIDB_SE_OPERATOR::SCIDB_LE_BAD_EXPLICIT_REPART.]

SCIDB QUERY : <join(repart(left_array,<val:double>[i=0:9,*,1, j=0:15,5,1]),right_array)>
[Query was executed successfully, ignoring data output by this query.]

SCIDB QUERY : <join(repart(left_array,<val:double>[i=0:9,3,1, j=0:15,*,1]),right_array)>
[Query was executed successfully, ignoring data output by this query.]

SCIDB QUERY : <join(repart(left_array,<val:double>[i=0:9,*,1, j=0:15,*,1]),right_array)>
[Query was executed successfully, ignoring data output by this query.]

SCIDB QUERY : <join(repart(left_array,<val:double>[i=0:9,*,1, j=0:15,5,4]),right_array)>
[An error expected at this place for the query "join(repart(left_array,<val:double>[i=0:9,*,1, j=0:15,5,4]),right_array)". And it failed with error code = scidb::SCIDB_SE_OPERATOR::SCIDB_LE_BAD_EXPLICIT_REPART. Expected error code = scidb::SCIDB_SE_OPERATOR::SCIDB_LE_BAD_EXPLICIT_REPART.]

SCIDB QUERY : <join(repart(left_array,<val:double>[i=0:9,3,1, j=0:15,*,4]),right_array)>
[An error expected at this place for the query "join(repart(left_array,<val:double>[i=0:9,3,1, j=0:15,*,4]),right_array)". And it failed with error code = scidb::SCIDB_SE_OPERATOR::SCIDB_LE_BAD_EXPLICIT_REPART. Expected error code = scidb::SCIDB_SE_OPERATOR::SCIDB_LE_BAD_EXPLICIT_REPART.]

SCIDB QUERY : <join(repart(left_array,<val:double>[i=0:9,*,1, j=0:15,*,4]),right_array)>
[An error expected at this place for the query "join(repart(left_array,<val:double>[i=0:9,*,1, j=0:15,*,4]),right_array)". And it failed with error code = scidb::SCIDB_SE_OPERATOR::SCIDB_LE_BAD_EXPLICIT_REPART. Expected error code = scidb::SCIDB_SE_OPERATOR::SCIDB_LE_BAD_EXPLICIT_REPART.]

SCIDB QUERY : <join(repart(left_array,<val:double>[i=0:9,*,3, j=0:15,5,1]),right_array)>
[An error expected at this place for the query "join(repart(left_array,<val:double>[i=0:9,*,3, j=0:15,5,1]),right_array)". And it failed with error code = scidb::SCIDB_SE_OPERATOR::SCIDB_LE_BAD_EXPLICIT_REPART. Expected error code = scidb::SCIDB_SE_OPERATOR::SCIDB_LE_BAD_EXPLICIT_REPART.]

SCIDB QUERY : <join(repart(left_array,<val:double>[i=0:9,3,3, j=0:15,*,1]),right_array)>
[An error expected at this place for the query "join(repart(left_array,<val:double>[i=0:9,3,3, j=0:15,*,1]),right_array)". And it failed with error code = scidb::SCIDB_SE_OPERATOR::SCIDB_LE_BAD_EXPLICIT_REPART. Expected error code = scidb::SCIDB_SE_OPERATOR::SCIDB_LE_BAD_EXPLICIT_REPART.]

SCIDB QUERY : <join(repart(left_array,<val:double>[i=0:9,*,3, j=0:15,*,1]),right_array)>
[An error expected at this place for the query "join(repart(left_array,<val:double>[i=0:9,*,3, j=0:15,*,1]),right_array)". And it failed with error code = scidb::SCIDB_SE_OPERATOR::SCIDB_LE_BAD_EXPLICIT_REPART. Expected error code = scidb::SCIDB_SE_OPERATOR::SCIDB_LE_BAD_EXPLICIT_REPART.]

SCIDB QUERY : <join(repart(left_array,<val:double>[i=0:9,*,3, j=0:15,5,4]),right_array)>
[An error expected at this place for the query "join(repart(left_array,<val:double>[i=0:9,*,3, j=0:15,5,4]),right_array)". And it failed with error code = scidb::SCIDB_SE_OPERATOR::SCIDB_LE_BAD_EXPLICIT_REPART. Expected error code = scidb::SCIDB_SE_OPERATOR::SCIDB_LE_BAD_EXPLICIT_REPART.]

SCIDB QUERY : <join(repart(left_array,<val:double>[i=0:9,3,3, j=0:15,*,4]),right_array)>
[An error expected at this place for the query "join(repart(left_array,<val:double>[i=0:9,3,3, j=0:15,*,4]),right_array)". And it failed with error code = scidb::SCIDB_SE_OPERATOR::SCIDB_LE_BAD_EXPLICIT_REPART. Expected error code = scidb::SCIDB_SE_OPERATOR::SCIDB_LE_BAD_EXPLICIT_REPART.]

SCIDB QUERY : <join(repart(left_array,<val:double>[i=0:9,*,3, j=0:15,*,4]),right_array)>
[An error expected at this place for the query "join(repart(left_array,<val:double>[i=0:9,*,3, j=0:15,*,4]),right_array)". And it failed with error code = scidb::SCIDB_SE_OPERATOR::SCIDB_LE_BAD_EXPLICIT_REPART. Expected error code = scidb::SCIDB_SE_OPERATOR::SCIDB_LE_BAD_EXPLICIT_REPART.]

Query was executed successfully

Query was executed successfully

Query was executed successfully

Query was executed successfully

Query was executed successfully

