SCIDB QUERY : <load_library('misc')>
Query was executed successfully

SCIDB QUERY : <_test_cache()>
{i} dummy

