SCIDB QUERY : <create array A <a:int64> [x=-3:9,3,1,y=0:4,2,1,z=2:5,3,2]>
Query was executed successfully

SCIDB QUERY : <store(build(A,x*100+y*10+z),A)>
[[[(-298),(-297),(-296)],[(-288),(-287),(-286)]],[[(-198),(-197),(-196)],[(-188),(-187),(-186)]],[[(-98),(-97),(-96)],[(-88),(-87),(-86)]]];[[[(-295)],[(-285)]],[[(-195)],[(-185)]],[[(-95)],[(-85)]]];[[[(-278),(-277),(-276)],[(-268),(-267),(-266)]],[[(-178),(-177),(-176)],[(-168),(-167),(-166)]],[[(-78),(-77),(-76)],[(-68),(-67),(-66)]]];[[[(-275)],[(-265)]],[[(-175)],[(-165)]],[[(-75)],[(-65)]]];[[[(-258),(-257),(-256)]],[[(-158),(-157),(-156)]],[[(-58),(-57),(-56)]]];[[[(-255)]],[[(-155)]],[[(-55)]]];[[[(2),(3),(4)],[(12),(13),(14)]],[[(102),(103),(104)],[(112),(113),(114)]],[[(202),(203),(204)],[(212),(213),(214)]]];[[[(5)],[(15)]],[[(105)],[(115)]],[[(205)],[(215)]]];[[[(22),(23),(24)],[(32),(33),(34)]],[[(122),(123),(124)],[(132),(133),(134)]],[[(222),(223),(224)],[(232),(233),(234)]]];[[[(25)],[(35)]],[[(125)],[(135)]],[[(225)],[(235)]]];[[[(42),(43),(44)]],[[(142),(143),(144)]],[[(242),(243),(244)]]];[[[(45)]],[[(145)]],[[(245)]]];[[[(302),(303),(304)],[(312),(313),(314)]],[[(402),(403),(404)],[(412),(413),(414)]],[[(502),(503),(504)],[(512),(513),(514)]]];[[[(305)],[(315)]],[[(405)],[(415)]],[[(505)],[(515)]]];[[[(322),(323),(324)],[(332),(333),(334)]],[[(422),(423),(424)],[(432),(433),(434)]],[[(522),(523),(524)],[(532),(533),(534)]]];[[[(325)],[(335)]],[[(425)],[(435)]],[[(525)],[(535)]]];[[[(342),(343),(344)]],[[(442),(443),(444)]],[[(542),(543),(544)]]];[[[(345)]],[[(445)]],[[(545)]]];[[[(602),(603),(604)],[(612),(613),(614)]],[[(702),(703),(704)],[(712),(713),(714)]],[[(802),(803),(804)],[(812),(813),(814)]]];[[[(605)],[(615)]],[[(705)],[(715)]],[[(805)],[(815)]]];[[[(622),(623),(624)],[(632),(633),(634)]],[[(722),(723),(724)],[(732),(733),(734)]],[[(822),(823),(824)],[(832),(833),(834)]]];[[[(625)],[(635)]],[[(725)],[(735)]],[[(825)],[(835)]]];[[[(642),(643),(644)]],[[(742),(743),(744)]],[[(842),(843),(844)]]];[[[(645)]],[[(745)]],[[(845)]]];[[[(902),(903),(904)],[(912),(913),(914)]]];[[[(905)],[(915)]]];[[[(922),(923),(924)],[(932),(933),(934)]]];[[[(925)],[(935)]]];[[[(942),(943),(944)]]];[[[(945)]]]

SCIDB QUERY : <store(cross_join(A as A1,A as A2,A1.x,A2.x,A1.y,A2.y,A1.z,A2.z),Aj1)>
[[[(-298,-298),(-297,-297),(-296,-296)],[(-288,-288),(-287,-287),(-286,-286)]],[[(-198,-198),(-197,-197),(-196,-196)],[(-188,-188),(-187,-187),(-186,-186)]],[[(-98,-98),(-97,-97),(-96,-96)],[(-88,-88),(-87,-87),(-86,-86)]]];[[[(-295,-295)],[(-285,-285)]],[[(-195,-195)],[(-185,-185)]],[[(-95,-95)],[(-85,-85)]]];[[[(-278,-278),(-277,-277),(-276,-276)],[(-268,-268),(-267,-267),(-266,-266)]],[[(-178,-178),(-177,-177),(-176,-176)],[(-168,-168),(-167,-167),(-166,-166)]],[[(-78,-78),(-77,-77),(-76,-76)],[(-68,-68),(-67,-67),(-66,-66)]]];[[[(-275,-275)],[(-265,-265)]],[[(-175,-175)],[(-165,-165)]],[[(-75,-75)],[(-65,-65)]]];[[[(-258,-258),(-257,-257),(-256,-256)]],[[(-158,-158),(-157,-157),(-156,-156)]],[[(-58,-58),(-57,-57),(-56,-56)]]];[[[(-255,-255)]],[[(-155,-155)]],[[(-55,-55)]]];[[[(2,2),(3,3),(4,4)],[(12,12),(13,13),(14,14)]],[[(102,102),(103,103),(104,104)],[(112,112),(113,113),(114,114)]],[[(202,202),(203,203),(204,204)],[(212,212),(213,213),(214,214)]]];[[[(5,5)],[(15,15)]],[[(105,105)],[(115,115)]],[[(205,205)],[(215,215)]]];[[[(22,22),(23,23),(24,24)],[(32,32),(33,33),(34,34)]],[[(122,122),(123,123),(124,124)],[(132,132),(133,133),(134,134)]],[[(222,222),(223,223),(224,224)],[(232,232),(233,233),(234,234)]]];[[[(25,25)],[(35,35)]],[[(125,125)],[(135,135)]],[[(225,225)],[(235,235)]]];[[[(42,42),(43,43),(44,44)]],[[(142,142),(143,143),(144,144)]],[[(242,242),(243,243),(244,244)]]];[[[(45,45)]],[[(145,145)]],[[(245,245)]]];[[[(302,302),(303,303),(304,304)],[(312,312),(313,313),(314,314)]],[[(402,402),(403,403),(404,404)],[(412,412),(413,413),(414,414)]],[[(502,502),(503,503),(504,504)],[(512,512),(513,513),(514,514)]]];[[[(305,305)],[(315,315)]],[[(405,405)],[(415,415)]],[[(505,505)],[(515,515)]]];[[[(322,322),(323,323),(324,324)],[(332,332),(333,333),(334,334)]],[[(422,422),(423,423),(424,424)],[(432,432),(433,433),(434,434)]],[[(522,522),(523,523),(524,524)],[(532,532),(533,533),(534,534)]]];[[[(325,325)],[(335,335)]],[[(425,425)],[(435,435)]],[[(525,525)],[(535,535)]]];[[[(342,342),(343,343),(344,344)]],[[(442,442),(443,443),(444,444)]],[[(542,542),(543,543),(544,544)]]];[[[(345,345)]],[[(445,445)]],[[(545,545)]]];[[[(602,602),(603,603),(604,604)],[(612,612),(613,613),(614,614)]],[[(702,702),(703,703),(704,704)],[(712,712),(713,713),(714,714)]],[[(802,802),(803,803),(804,804)],[(812,812),(813,813),(814,814)]]];[[[(605,605)],[(615,615)]],[[(705,705)],[(715,715)]],[[(805,805)],[(815,815)]]];[[[(622,622),(623,623),(624,624)],[(632,632),(633,633),(634,634)]],[[(722,722),(723,723),(724,724)],[(732,732),(733,733),(734,734)]],[[(822,822),(823,823),(824,824)],[(832,832),(833,833),(834,834)]]];[[[(625,625)],[(635,635)]],[[(725,725)],[(735,735)]],[[(825,825)],[(835,835)]]];[[[(642,642),(643,643),(644,644)]],[[(742,742),(743,743),(744,744)]],[[(842,842),(843,843),(844,844)]]];[[[(645,645)]],[[(745,745)]],[[(845,845)]]];[[[(902,902),(903,903),(904,904)],[(912,912),(913,913),(914,914)]]];[[[(905,905)],[(915,915)]]];[[[(922,922),(923,923),(924,924)],[(932,932),(933,933),(934,934)]]];[[[(925,925)],[(935,935)]]];[[[(942,942),(943,943),(944,944)]]];[[[(945,945)]]]

SCIDB QUERY : <store(cross_join(Aj1 as A1,A as A2,A1.x,A2.x,A1.y,A2.y,A1.z,A2.z),Aj2)>
[[[(-298,-298,-298),(-297,-297,-297),(-296,-296,-296)],[(-288,-288,-288),(-287,-287,-287),(-286,-286,-286)]],[[(-198,-198,-198),(-197,-197,-197),(-196,-196,-196)],[(-188,-188,-188),(-187,-187,-187),(-186,-186,-186)]],[[(-98,-98,-98),(-97,-97,-97),(-96,-96,-96)],[(-88,-88,-88),(-87,-87,-87),(-86,-86,-86)]]];[[[(-295,-295,-295)],[(-285,-285,-285)]],[[(-195,-195,-195)],[(-185,-185,-185)]],[[(-95,-95,-95)],[(-85,-85,-85)]]];[[[(-278,-278,-278),(-277,-277,-277),(-276,-276,-276)],[(-268,-268,-268),(-267,-267,-267),(-266,-266,-266)]],[[(-178,-178,-178),(-177,-177,-177),(-176,-176,-176)],[(-168,-168,-168),(-167,-167,-167),(-166,-166,-166)]],[[(-78,-78,-78),(-77,-77,-77),(-76,-76,-76)],[(-68,-68,-68),(-67,-67,-67),(-66,-66,-66)]]];[[[(-275,-275,-275)],[(-265,-265,-265)]],[[(-175,-175,-175)],[(-165,-165,-165)]],[[(-75,-75,-75)],[(-65,-65,-65)]]];[[[(-258,-258,-258),(-257,-257,-257),(-256,-256,-256)]],[[(-158,-158,-158),(-157,-157,-157),(-156,-156,-156)]],[[(-58,-58,-58),(-57,-57,-57),(-56,-56,-56)]]];[[[(-255,-255,-255)]],[[(-155,-155,-155)]],[[(-55,-55,-55)]]];[[[(2,2,2),(3,3,3),(4,4,4)],[(12,12,12),(13,13,13),(14,14,14)]],[[(102,102,102),(103,103,103),(104,104,104)],[(112,112,112),(113,113,113),(114,114,114)]],[[(202,202,202),(203,203,203),(204,204,204)],[(212,212,212),(213,213,213),(214,214,214)]]];[[[(5,5,5)],[(15,15,15)]],[[(105,105,105)],[(115,115,115)]],[[(205,205,205)],[(215,215,215)]]];[[[(22,22,22),(23,23,23),(24,24,24)],[(32,32,32),(33,33,33),(34,34,34)]],[[(122,122,122),(123,123,123),(124,124,124)],[(132,132,132),(133,133,133),(134,134,134)]],[[(222,222,222),(223,223,223),(224,224,224)],[(232,232,232),(233,233,233),(234,234,234)]]];[[[(25,25,25)],[(35,35,35)]],[[(125,125,125)],[(135,135,135)]],[[(225,225,225)],[(235,235,235)]]];[[[(42,42,42),(43,43,43),(44,44,44)]],[[(142,142,142),(143,143,143),(144,144,144)]],[[(242,242,242),(243,243,243),(244,244,244)]]];[[[(45,45,45)]],[[(145,145,145)]],[[(245,245,245)]]];[[[(302,302,302),(303,303,303),(304,304,304)],[(312,312,312),(313,313,313),(314,314,314)]],[[(402,402,402),(403,403,403),(404,404,404)],[(412,412,412),(413,413,413),(414,414,414)]],[[(502,502,502),(503,503,503),(504,504,504)],[(512,512,512),(513,513,513),(514,514,514)]]];[[[(305,305,305)],[(315,315,315)]],[[(405,405,405)],[(415,415,415)]],[[(505,505,505)],[(515,515,515)]]];[[[(322,322,322),(323,323,323),(324,324,324)],[(332,332,332),(333,333,333),(334,334,334)]],[[(422,422,422),(423,423,423),(424,424,424)],[(432,432,432),(433,433,433),(434,434,434)]],[[(522,522,522),(523,523,523),(524,524,524)],[(532,532,532),(533,533,533),(534,534,534)]]];[[[(325,325,325)],[(335,335,335)]],[[(425,425,425)],[(435,435,435)]],[[(525,525,525)],[(535,535,535)]]];[[[(342,342,342),(343,343,343),(344,344,344)]],[[(442,442,442),(443,443,443),(444,444,444)]],[[(542,542,542),(543,543,543),(544,544,544)]]];[[[(345,345,345)]],[[(445,445,445)]],[[(545,545,545)]]];[[[(602,602,602),(603,603,603),(604,604,604)],[(612,612,612),(613,613,613),(614,614,614)]],[[(702,702,702),(703,703,703),(704,704,704)],[(712,712,712),(713,713,713),(714,714,714)]],[[(802,802,802),(803,803,803),(804,804,804)],[(812,812,812),(813,813,813),(814,814,814)]]];[[[(605,605,605)],[(615,615,615)]],[[(705,705,705)],[(715,715,715)]],[[(805,805,805)],[(815,815,815)]]];[[[(622,622,622),(623,623,623),(624,624,624)],[(632,632,632),(633,633,633),(634,634,634)]],[[(722,722,722),(723,723,723),(724,724,724)],[(732,732,732),(733,733,733),(734,734,734)]],[[(822,822,822),(823,823,823),(824,824,824)],[(832,832,832),(833,833,833),(834,834,834)]]];[[[(625,625,625)],[(635,635,635)]],[[(725,725,725)],[(735,735,735)]],[[(825,825,825)],[(835,835,835)]]];[[[(642,642,642),(643,643,643),(644,644,644)]],[[(742,742,742),(743,743,743),(744,744,744)]],[[(842,842,842),(843,843,843),(844,844,844)]]];[[[(645,645,645)]],[[(745,745,745)]],[[(845,845,845)]]];[[[(902,902,902),(903,903,903),(904,904,904)],[(912,912,912),(913,913,913),(914,914,914)]]];[[[(905,905,905)],[(915,915,915)]]];[[[(922,922,922),(923,923,923),(924,924,924)],[(932,932,932),(933,933,933),(934,934,934)]]];[[[(925,925,925)],[(935,935,935)]]];[[[(942,942,942),(943,943,943),(944,944,944)]]];[[[(945,945,945)]]]

SCIDB QUERY : <store(cross_join(Aj2 as A1,A as A2,A1.x,A2.x,A1.y,A2.y,A1.z,A2.z),Aj3)>
[[[(-298,-298,-298,-298),(-297,-297,-297,-297),(-296,-296,-296,-296)],[(-288,-288,-288,-288),(-287,-287,-287,-287),(-286,-286,-286,-286)]],[[(-198,-198,-198,-198),(-197,-197,-197,-197),(-196,-196,-196,-196)],[(-188,-188,-188,-188),(-187,-187,-187,-187),(-186,-186,-186,-186)]],[[(-98,-98,-98,-98),(-97,-97,-97,-97),(-96,-96,-96,-96)],[(-88,-88,-88,-88),(-87,-87,-87,-87),(-86,-86,-86,-86)]]];[[[(-295,-295,-295,-295)],[(-285,-285,-285,-285)]],[[(-195,-195,-195,-195)],[(-185,-185,-185,-185)]],[[(-95,-95,-95,-95)],[(-85,-85,-85,-85)]]];[[[(-278,-278,-278,-278),(-277,-277,-277,-277),(-276,-276,-276,-276)],[(-268,-268,-268,-268),(-267,-267,-267,-267),(-266,-266,-266,-266)]],[[(-178,-178,-178,-178),(-177,-177,-177,-177),(-176,-176,-176,-176)],[(-168,-168,-168,-168),(-167,-167,-167,-167),(-166,-166,-166,-166)]],[[(-78,-78,-78,-78),(-77,-77,-77,-77),(-76,-76,-76,-76)],[(-68,-68,-68,-68),(-67,-67,-67,-67),(-66,-66,-66,-66)]]];[[[(-275,-275,-275,-275)],[(-265,-265,-265,-265)]],[[(-175,-175,-175,-175)],[(-165,-165,-165,-165)]],[[(-75,-75,-75,-75)],[(-65,-65,-65,-65)]]];[[[(-258,-258,-258,-258),(-257,-257,-257,-257),(-256,-256,-256,-256)]],[[(-158,-158,-158,-158),(-157,-157,-157,-157),(-156,-156,-156,-156)]],[[(-58,-58,-58,-58),(-57,-57,-57,-57),(-56,-56,-56,-56)]]];[[[(-255,-255,-255,-255)]],[[(-155,-155,-155,-155)]],[[(-55,-55,-55,-55)]]];[[[(2,2,2,2),(3,3,3,3),(4,4,4,4)],[(12,12,12,12),(13,13,13,13),(14,14,14,14)]],[[(102,102,102,102),(103,103,103,103),(104,104,104,104)],[(112,112,112,112),(113,113,113,113),(114,114,114,114)]],[[(202,202,202,202),(203,203,203,203),(204,204,204,204)],[(212,212,212,212),(213,213,213,213),(214,214,214,214)]]];[[[(5,5,5,5)],[(15,15,15,15)]],[[(105,105,105,105)],[(115,115,115,115)]],[[(205,205,205,205)],[(215,215,215,215)]]];[[[(22,22,22,22),(23,23,23,23),(24,24,24,24)],[(32,32,32,32),(33,33,33,33),(34,34,34,34)]],[[(122,122,122,122),(123,123,123,123),(124,124,124,124)],[(132,132,132,132),(133,133,133,133),(134,134,134,134)]],[[(222,222,222,222),(223,223,223,223),(224,224,224,224)],[(232,232,232,232),(233,233,233,233),(234,234,234,234)]]];[[[(25,25,25,25)],[(35,35,35,35)]],[[(125,125,125,125)],[(135,135,135,135)]],[[(225,225,225,225)],[(235,235,235,235)]]];[[[(42,42,42,42),(43,43,43,43),(44,44,44,44)]],[[(142,142,142,142),(143,143,143,143),(144,144,144,144)]],[[(242,242,242,242),(243,243,243,243),(244,244,244,244)]]];[[[(45,45,45,45)]],[[(145,145,145,145)]],[[(245,245,245,245)]]];[[[(302,302,302,302),(303,303,303,303),(304,304,304,304)],[(312,312,312,312),(313,313,313,313),(314,314,314,314)]],[[(402,402,402,402),(403,403,403,403),(404,404,404,404)],[(412,412,412,412),(413,413,413,413),(414,414,414,414)]],[[(502,502,502,502),(503,503,503,503),(504,504,504,504)],[(512,512,512,512),(513,513,513,513),(514,514,514,514)]]];[[[(305,305,305,305)],[(315,315,315,315)]],[[(405,405,405,405)],[(415,415,415,415)]],[[(505,505,505,505)],[(515,515,515,515)]]];[[[(322,322,322,322),(323,323,323,323),(324,324,324,324)],[(332,332,332,332),(333,333,333,333),(334,334,334,334)]],[[(422,422,422,422),(423,423,423,423),(424,424,424,424)],[(432,432,432,432),(433,433,433,433),(434,434,434,434)]],[[(522,522,522,522),(523,523,523,523),(524,524,524,524)],[(532,532,532,532),(533,533,533,533),(534,534,534,534)]]];[[[(325,325,325,325)],[(335,335,335,335)]],[[(425,425,425,425)],[(435,435,435,435)]],[[(525,525,525,525)],[(535,535,535,535)]]];[[[(342,342,342,342),(343,343,343,343),(344,344,344,344)]],[[(442,442,442,442),(443,443,443,443),(444,444,444,444)]],[[(542,542,542,542),(543,543,543,543),(544,544,544,544)]]];[[[(345,345,345,345)]],[[(445,445,445,445)]],[[(545,545,545,545)]]];[[[(602,602,602,602),(603,603,603,603),(604,604,604,604)],[(612,612,612,612),(613,613,613,613),(614,614,614,614)]],[[(702,702,702,702),(703,703,703,703),(704,704,704,704)],[(712,712,712,712),(713,713,713,713),(714,714,714,714)]],[[(802,802,802,802),(803,803,803,803),(804,804,804,804)],[(812,812,812,812),(813,813,813,813),(814,814,814,814)]]];[[[(605,605,605,605)],[(615,615,615,615)]],[[(705,705,705,705)],[(715,715,715,715)]],[[(805,805,805,805)],[(815,815,815,815)]]];[[[(622,622,622,622),(623,623,623,623),(624,624,624,624)],[(632,632,632,632),(633,633,633,633),(634,634,634,634)]],[[(722,722,722,722),(723,723,723,723),(724,724,724,724)],[(732,732,732,732),(733,733,733,733),(734,734,734,734)]],[[(822,822,822,822),(823,823,823,823),(824,824,824,824)],[(832,832,832,832),(833,833,833,833),(834,834,834,834)]]];[[[(625,625,625,625)],[(635,635,635,635)]],[[(725,725,725,725)],[(735,735,735,735)]],[[(825,825,825,825)],[(835,835,835,835)]]];[[[(642,642,642,642),(643,643,643,643),(644,644,644,644)]],[[(742,742,742,742),(743,743,743,743),(744,744,744,744)]],[[(842,842,842,842),(843,843,843,843),(844,844,844,844)]]];[[[(645,645,645,645)]],[[(745,745,745,745)]],[[(845,845,845,845)]]];[[[(902,902,902,902),(903,903,903,903),(904,904,904,904)],[(912,912,912,912),(913,913,913,913),(914,914,914,914)]]];[[[(905,905,905,905)],[(915,915,915,915)]]];[[[(922,922,922,922),(923,923,923,923),(924,924,924,924)],[(932,932,932,932),(933,933,933,933),(934,934,934,934)]]];[[[(925,925,925,925)],[(935,935,935,935)]]];[[[(942,942,942,942),(943,943,943,943),(944,944,944,944)]]];[[[(945,945,945,945)]]]

SCIDB QUERY : <store(cross_join(Aj3 as A1,A as A2,A1.x,A2.x,A1.y,A2.y,A1.z,A2.z),Aj4)>
[[[(-298,-298,-298,-298,-298),(-297,-297,-297,-297,-297),(-296,-296,-296,-296,-296)],[(-288,-288,-288,-288,-288),(-287,-287,-287,-287,-287),(-286,-286,-286,-286,-286)]],[[(-198,-198,-198,-198,-198),(-197,-197,-197,-197,-197),(-196,-196,-196,-196,-196)],[(-188,-188,-188,-188,-188),(-187,-187,-187,-187,-187),(-186,-186,-186,-186,-186)]],[[(-98,-98,-98,-98,-98),(-97,-97,-97,-97,-97),(-96,-96,-96,-96,-96)],[(-88,-88,-88,-88,-88),(-87,-87,-87,-87,-87),(-86,-86,-86,-86,-86)]]];[[[(-295,-295,-295,-295,-295)],[(-285,-285,-285,-285,-285)]],[[(-195,-195,-195,-195,-195)],[(-185,-185,-185,-185,-185)]],[[(-95,-95,-95,-95,-95)],[(-85,-85,-85,-85,-85)]]];[[[(-278,-278,-278,-278,-278),(-277,-277,-277,-277,-277),(-276,-276,-276,-276,-276)],[(-268,-268,-268,-268,-268),(-267,-267,-267,-267,-267),(-266,-266,-266,-266,-266)]],[[(-178,-178,-178,-178,-178),(-177,-177,-177,-177,-177),(-176,-176,-176,-176,-176)],[(-168,-168,-168,-168,-168),(-167,-167,-167,-167,-167),(-166,-166,-166,-166,-166)]],[[(-78,-78,-78,-78,-78),(-77,-77,-77,-77,-77),(-76,-76,-76,-76,-76)],[(-68,-68,-68,-68,-68),(-67,-67,-67,-67,-67),(-66,-66,-66,-66,-66)]]];[[[(-275,-275,-275,-275,-275)],[(-265,-265,-265,-265,-265)]],[[(-175,-175,-175,-175,-175)],[(-165,-165,-165,-165,-165)]],[[(-75,-75,-75,-75,-75)],[(-65,-65,-65,-65,-65)]]];[[[(-258,-258,-258,-258,-258),(-257,-257,-257,-257,-257),(-256,-256,-256,-256,-256)]],[[(-158,-158,-158,-158,-158),(-157,-157,-157,-157,-157),(-156,-156,-156,-156,-156)]],[[(-58,-58,-58,-58,-58),(-57,-57,-57,-57,-57),(-56,-56,-56,-56,-56)]]];[[[(-255,-255,-255,-255,-255)]],[[(-155,-155,-155,-155,-155)]],[[(-55,-55,-55,-55,-55)]]];[[[(2,2,2,2,2),(3,3,3,3,3),(4,4,4,4,4)],[(12,12,12,12,12),(13,13,13,13,13),(14,14,14,14,14)]],[[(102,102,102,102,102),(103,103,103,103,103),(104,104,104,104,104)],[(112,112,112,112,112),(113,113,113,113,113),(114,114,114,114,114)]],[[(202,202,202,202,202),(203,203,203,203,203),(204,204,204,204,204)],[(212,212,212,212,212),(213,213,213,213,213),(214,214,214,214,214)]]];[[[(5,5,5,5,5)],[(15,15,15,15,15)]],[[(105,105,105,105,105)],[(115,115,115,115,115)]],[[(205,205,205,205,205)],[(215,215,215,215,215)]]];[[[(22,22,22,22,22),(23,23,23,23,23),(24,24,24,24,24)],[(32,32,32,32,32),(33,33,33,33,33),(34,34,34,34,34)]],[[(122,122,122,122,122),(123,123,123,123,123),(124,124,124,124,124)],[(132,132,132,132,132),(133,133,133,133,133),(134,134,134,134,134)]],[[(222,222,222,222,222),(223,223,223,223,223),(224,224,224,224,224)],[(232,232,232,232,232),(233,233,233,233,233),(234,234,234,234,234)]]];[[[(25,25,25,25,25)],[(35,35,35,35,35)]],[[(125,125,125,125,125)],[(135,135,135,135,135)]],[[(225,225,225,225,225)],[(235,235,235,235,235)]]];[[[(42,42,42,42,42),(43,43,43,43,43),(44,44,44,44,44)]],[[(142,142,142,142,142),(143,143,143,143,143),(144,144,144,144,144)]],[[(242,242,242,242,242),(243,243,243,243,243),(244,244,244,244,244)]]];[[[(45,45,45,45,45)]],[[(145,145,145,145,145)]],[[(245,245,245,245,245)]]];[[[(302,302,302,302,302),(303,303,303,303,303),(304,304,304,304,304)],[(312,312,312,312,312),(313,313,313,313,313),(314,314,314,314,314)]],[[(402,402,402,402,402),(403,403,403,403,403),(404,404,404,404,404)],[(412,412,412,412,412),(413,413,413,413,413),(414,414,414,414,414)]],[[(502,502,502,502,502),(503,503,503,503,503),(504,504,504,504,504)],[(512,512,512,512,512),(513,513,513,513,513),(514,514,514,514,514)]]];[[[(305,305,305,305,305)],[(315,315,315,315,315)]],[[(405,405,405,405,405)],[(415,415,415,415,415)]],[[(505,505,505,505,505)],[(515,515,515,515,515)]]];[[[(322,322,322,322,322),(323,323,323,323,323),(324,324,324,324,324)],[(332,332,332,332,332),(333,333,333,333,333),(334,334,334,334,334)]],[[(422,422,422,422,422),(423,423,423,423,423),(424,424,424,424,424)],[(432,432,432,432,432),(433,433,433,433,433),(434,434,434,434,434)]],[[(522,522,522,522,522),(523,523,523,523,523),(524,524,524,524,524)],[(532,532,532,532,532),(533,533,533,533,533),(534,534,534,534,534)]]];[[[(325,325,325,325,325)],[(335,335,335,335,335)]],[[(425,425,425,425,425)],[(435,435,435,435,435)]],[[(525,525,525,525,525)],[(535,535,535,535,535)]]];[[[(342,342,342,342,342),(343,343,343,343,343),(344,344,344,344,344)]],[[(442,442,442,442,442),(443,443,443,443,443),(444,444,444,444,444)]],[[(542,542,542,542,542),(543,543,543,543,543),(544,544,544,544,544)]]];[[[(345,345,345,345,345)]],[[(445,445,445,445,445)]],[[(545,545,545,545,545)]]];[[[(602,602,602,602,602),(603,603,603,603,603),(604,604,604,604,604)],[(612,612,612,612,612),(613,613,613,613,613),(614,614,614,614,614)]],[[(702,702,702,702,702),(703,703,703,703,703),(704,704,704,704,704)],[(712,712,712,712,712),(713,713,713,713,713),(714,714,714,714,714)]],[[(802,802,802,802,802),(803,803,803,803,803),(804,804,804,804,804)],[(812,812,812,812,812),(813,813,813,813,813),(814,814,814,814,814)]]];[[[(605,605,605,605,605)],[(615,615,615,615,615)]],[[(705,705,705,705,705)],[(715,715,715,715,715)]],[[(805,805,805,805,805)],[(815,815,815,815,815)]]];[[[(622,622,622,622,622),(623,623,623,623,623),(624,624,624,624,624)],[(632,632,632,632,632),(633,633,633,633,633),(634,634,634,634,634)]],[[(722,722,722,722,722),(723,723,723,723,723),(724,724,724,724,724)],[(732,732,732,732,732),(733,733,733,733,733),(734,734,734,734,734)]],[[(822,822,822,822,822),(823,823,823,823,823),(824,824,824,824,824)],[(832,832,832,832,832),(833,833,833,833,833),(834,834,834,834,834)]]];[[[(625,625,625,625,625)],[(635,635,635,635,635)]],[[(725,725,725,725,725)],[(735,735,735,735,735)]],[[(825,825,825,825,825)],[(835,835,835,835,835)]]];[[[(642,642,642,642,642),(643,643,643,643,643),(644,644,644,644,644)]],[[(742,742,742,742,742),(743,743,743,743,743),(744,744,744,744,744)]],[[(842,842,842,842,842),(843,843,843,843,843),(844,844,844,844,844)]]];[[[(645,645,645,645,645)]],[[(745,745,745,745,745)]],[[(845,845,845,845,845)]]];[[[(902,902,902,902,902),(903,903,903,903,903),(904,904,904,904,904)],[(912,912,912,912,912),(913,913,913,913,913),(914,914,914,914,914)]]];[[[(905,905,905,905,905)],[(915,915,915,915,915)]]];[[[(922,922,922,922,922),(923,923,923,923,923),(924,924,924,924,924)],[(932,932,932,932,932),(933,933,933,933,933),(934,934,934,934,934)]]];[[[(925,925,925,925,925)],[(935,935,935,935,935)]]];[[[(942,942,942,942,942),(943,943,943,943,943),(944,944,944,944,944)]]];[[[(945,945,945,945,945)]]]

SCIDB QUERY : <store(cross_join(Aj4 as A1,A as A2,A1.x,A2.x,A1.y,A2.y,A1.z,A2.z),B)>
[[[(-298,-298,-298,-298,-298,-298),(-297,-297,-297,-297,-297,-297),(-296,-296,-296,-296,-296,-296)],[(-288,-288,-288,-288,-288,-288),(-287,-287,-287,-287,-287,-287),(-286,-286,-286,-286,-286,-286)]],[[(-198,-198,-198,-198,-198,-198),(-197,-197,-197,-197,-197,-197),(-196,-196,-196,-196,-196,-196)],[(-188,-188,-188,-188,-188,-188),(-187,-187,-187,-187,-187,-187),(-186,-186,-186,-186,-186,-186)]],[[(-98,-98,-98,-98,-98,-98),(-97,-97,-97,-97,-97,-97),(-96,-96,-96,-96,-96,-96)],[(-88,-88,-88,-88,-88,-88),(-87,-87,-87,-87,-87,-87),(-86,-86,-86,-86,-86,-86)]]];[[[(-295,-295,-295,-295,-295,-295)],[(-285,-285,-285,-285,-285,-285)]],[[(-195,-195,-195,-195,-195,-195)],[(-185,-185,-185,-185,-185,-185)]],[[(-95,-95,-95,-95,-95,-95)],[(-85,-85,-85,-85,-85,-85)]]];[[[(-278,-278,-278,-278,-278,-278),(-277,-277,-277,-277,-277,-277),(-276,-276,-276,-276,-276,-276)],[(-268,-268,-268,-268,-268,-268),(-267,-267,-267,-267,-267,-267),(-266,-266,-266,-266,-266,-266)]],[[(-178,-178,-178,-178,-178,-178),(-177,-177,-177,-177,-177,-177),(-176,-176,-176,-176,-176,-176)],[(-168,-168,-168,-168,-168,-168),(-167,-167,-167,-167,-167,-167),(-166,-166,-166,-166,-166,-166)]],[[(-78,-78,-78,-78,-78,-78),(-77,-77,-77,-77,-77,-77),(-76,-76,-76,-76,-76,-76)],[(-68,-68,-68,-68,-68,-68),(-67,-67,-67,-67,-67,-67),(-66,-66,-66,-66,-66,-66)]]];[[[(-275,-275,-275,-275,-275,-275)],[(-265,-265,-265,-265,-265,-265)]],[[(-175,-175,-175,-175,-175,-175)],[(-165,-165,-165,-165,-165,-165)]],[[(-75,-75,-75,-75,-75,-75)],[(-65,-65,-65,-65,-65,-65)]]];[[[(-258,-258,-258,-258,-258,-258),(-257,-257,-257,-257,-257,-257),(-256,-256,-256,-256,-256,-256)]],[[(-158,-158,-158,-158,-158,-158),(-157,-157,-157,-157,-157,-157),(-156,-156,-156,-156,-156,-156)]],[[(-58,-58,-58,-58,-58,-58),(-57,-57,-57,-57,-57,-57),(-56,-56,-56,-56,-56,-56)]]];[[[(-255,-255,-255,-255,-255,-255)]],[[(-155,-155,-155,-155,-155,-155)]],[[(-55,-55,-55,-55,-55,-55)]]];[[[(2,2,2,2,2,2),(3,3,3,3,3,3),(4,4,4,4,4,4)],[(12,12,12,12,12,12),(13,13,13,13,13,13),(14,14,14,14,14,14)]],[[(102,102,102,102,102,102),(103,103,103,103,103,103),(104,104,104,104,104,104)],[(112,112,112,112,112,112),(113,113,113,113,113,113),(114,114,114,114,114,114)]],[[(202,202,202,202,202,202),(203,203,203,203,203,203),(204,204,204,204,204,204)],[(212,212,212,212,212,212),(213,213,213,213,213,213),(214,214,214,214,214,214)]]];[[[(5,5,5,5,5,5)],[(15,15,15,15,15,15)]],[[(105,105,105,105,105,105)],[(115,115,115,115,115,115)]],[[(205,205,205,205,205,205)],[(215,215,215,215,215,215)]]];[[[(22,22,22,22,22,22),(23,23,23,23,23,23),(24,24,24,24,24,24)],[(32,32,32,32,32,32),(33,33,33,33,33,33),(34,34,34,34,34,34)]],[[(122,122,122,122,122,122),(123,123,123,123,123,123),(124,124,124,124,124,124)],[(132,132,132,132,132,132),(133,133,133,133,133,133),(134,134,134,134,134,134)]],[[(222,222,222,222,222,222),(223,223,223,223,223,223),(224,224,224,224,224,224)],[(232,232,232,232,232,232),(233,233,233,233,233,233),(234,234,234,234,234,234)]]];[[[(25,25,25,25,25,25)],[(35,35,35,35,35,35)]],[[(125,125,125,125,125,125)],[(135,135,135,135,135,135)]],[[(225,225,225,225,225,225)],[(235,235,235,235,235,235)]]];[[[(42,42,42,42,42,42),(43,43,43,43,43,43),(44,44,44,44,44,44)]],[[(142,142,142,142,142,142),(143,143,143,143,143,143),(144,144,144,144,144,144)]],[[(242,242,242,242,242,242),(243,243,243,243,243,243),(244,244,244,244,244,244)]]];[[[(45,45,45,45,45,45)]],[[(145,145,145,145,145,145)]],[[(245,245,245,245,245,245)]]];[[[(302,302,302,302,302,302),(303,303,303,303,303,303),(304,304,304,304,304,304)],[(312,312,312,312,312,312),(313,313,313,313,313,313),(314,314,314,314,314,314)]],[[(402,402,402,402,402,402),(403,403,403,403,403,403),(404,404,404,404,404,404)],[(412,412,412,412,412,412),(413,413,413,413,413,413),(414,414,414,414,414,414)]],[[(502,502,502,502,502,502),(503,503,503,503,503,503),(504,504,504,504,504,504)],[(512,512,512,512,512,512),(513,513,513,513,513,513),(514,514,514,514,514,514)]]];[[[(305,305,305,305,305,305)],[(315,315,315,315,315,315)]],[[(405,405,405,405,405,405)],[(415,415,415,415,415,415)]],[[(505,505,505,505,505,505)],[(515,515,515,515,515,515)]]];[[[(322,322,322,322,322,322),(323,323,323,323,323,323),(324,324,324,324,324,324)],[(332,332,332,332,332,332),(333,333,333,333,333,333),(334,334,334,334,334,334)]],[[(422,422,422,422,422,422),(423,423,423,423,423,423),(424,424,424,424,424,424)],[(432,432,432,432,432,432),(433,433,433,433,433,433),(434,434,434,434,434,434)]],[[(522,522,522,522,522,522),(523,523,523,523,523,523),(524,524,524,524,524,524)],[(532,532,532,532,532,532),(533,533,533,533,533,533),(534,534,534,534,534,534)]]];[[[(325,325,325,325,325,325)],[(335,335,335,335,335,335)]],[[(425,425,425,425,425,425)],[(435,435,435,435,435,435)]],[[(525,525,525,525,525,525)],[(535,535,535,535,535,535)]]];[[[(342,342,342,342,342,342),(343,343,343,343,343,343),(344,344,344,344,344,344)]],[[(442,442,442,442,442,442),(443,443,443,443,443,443),(444,444,444,444,444,444)]],[[(542,542,542,542,542,542),(543,543,543,543,543,543),(544,544,544,544,544,544)]]];[[[(345,345,345,345,345,345)]],[[(445,445,445,445,445,445)]],[[(545,545,545,545,545,545)]]];[[[(602,602,602,602,602,602),(603,603,603,603,603,603),(604,604,604,604,604,604)],[(612,612,612,612,612,612),(613,613,613,613,613,613),(614,614,614,614,614,614)]],[[(702,702,702,702,702,702),(703,703,703,703,703,703),(704,704,704,704,704,704)],[(712,712,712,712,712,712),(713,713,713,713,713,713),(714,714,714,714,714,714)]],[[(802,802,802,802,802,802),(803,803,803,803,803,803),(804,804,804,804,804,804)],[(812,812,812,812,812,812),(813,813,813,813,813,813),(814,814,814,814,814,814)]]];[[[(605,605,605,605,605,605)],[(615,615,615,615,615,615)]],[[(705,705,705,705,705,705)],[(715,715,715,715,715,715)]],[[(805,805,805,805,805,805)],[(815,815,815,815,815,815)]]];[[[(622,622,622,622,622,622),(623,623,623,623,623,623),(624,624,624,624,624,624)],[(632,632,632,632,632,632),(633,633,633,633,633,633),(634,634,634,634,634,634)]],[[(722,722,722,722,722,722),(723,723,723,723,723,723),(724,724,724,724,724,724)],[(732,732,732,732,732,732),(733,733,733,733,733,733),(734,734,734,734,734,734)]],[[(822,822,822,822,822,822),(823,823,823,823,823,823),(824,824,824,824,824,824)],[(832,832,832,832,832,832),(833,833,833,833,833,833),(834,834,834,834,834,834)]]];[[[(625,625,625,625,625,625)],[(635,635,635,635,635,635)]],[[(725,725,725,725,725,725)],[(735,735,735,735,735,735)]],[[(825,825,825,825,825,825)],[(835,835,835,835,835,835)]]];[[[(642,642,642,642,642,642),(643,643,643,643,643,643),(644,644,644,644,644,644)]],[[(742,742,742,742,742,742),(743,743,743,743,743,743),(744,744,744,744,744,744)]],[[(842,842,842,842,842,842),(843,843,843,843,843,843),(844,844,844,844,844,844)]]];[[[(645,645,645,645,645,645)]],[[(745,745,745,745,745,745)]],[[(845,845,845,845,845,845)]]];[[[(902,902,902,902,902,902),(903,903,903,903,903,903),(904,904,904,904,904,904)],[(912,912,912,912,912,912),(913,913,913,913,913,913),(914,914,914,914,914,914)]]];[[[(905,905,905,905,905,905)],[(915,915,915,915,915,915)]]];[[[(922,922,922,922,922,922),(923,923,923,923,923,923),(924,924,924,924,924,924)],[(932,932,932,932,932,932),(933,933,933,933,933,933),(934,934,934,934,934,934)]]];[[[(925,925,925,925,925,925)],[(935,935,935,935,935,935)]]];[[[(942,942,942,942,942,942),(943,943,943,943,943,943),(944,944,944,944,944,944)]]];[[[(945,945,945,945,945,945)]]]

SCIDB QUERY : <cross_between( A, cross_join( cross_join( cross_join( cross_join( cross_join(A as A1, A as A2, A1.x, A2.x, A1.y, A2.y, A1.z, A2.z) as Aj1, A as A3, Aj1.x, A3.x, Aj1.y, A3.y, Aj1.z, A3.z) as Aj2, A as A4, Aj2.x, A4.x, Aj2.y, A4.y, Aj2.z, A4.z) as Aj3, A as A5, Aj3.x, A5.x, Aj3.y, A5.y, Aj3.z, A5.z) as Aj4, A as A6, Aj4.x, A6.x, Aj4.y, A6.y, Aj4.z, A6.z))>
{x,y,z} a
{2,2,2} 222
{3,3,3} 333
{4,4,4} 444

SCIDB QUERY : <cross_between(A,B)>
{x,y,z} a
{2,2,2} 222
{3,3,3} 333
{4,4,4} 444

Query was executed successfully

Query was executed successfully

Query was executed successfully

Query was executed successfully

Query was executed successfully

Query was executed successfully

